// Jest Snapshot v1, https://goo.gl/fbAQLP

exports[`RENDERING - Icon should render with default props 1`] = `
<i
  className="Icon"
>
  test
</i>
`;
